=== --tag default
  25/542  last=sf_bq214 strict=1 recall=1.00
  50/542  last=sf_bq193 strict=1 recall=1.00
  75/542  last=bq394 strict=1 recall=1.00
  100/542  last=sf_bq056 strict=1 recall=1.00
  125/542  last=sf_bq187 strict=1 recall=1.00
  150/542  last=sf_bq258 strict=1 recall=1.00
  175/542  last=bq130 strict=1 recall=1.00
  200/542  last=sf_bq016 strict=1 recall=1.00
  225/542  last=bq105 strict=0 recall=0.75
  250/542  last=bq306 strict=1 recall=1.00
  275/542  last=bq049 strict=1 recall=1.00
  300/542  last=sf_bq163 strict=1 recall=1.00
  325/542  last=bq288 strict=1 recall=1.00
  350/542  last=sf_bq331 strict=1 recall=1.00
  375/542  last=ga031 strict=1 recall=1.00
  400/542  last=local019 strict=1 recall=1.00
'CREATE TABLE film (
    film_id INT,
    title VARCHAR(255),
    description BLOB SUB_TYPE TEXT,' contains unsupported syntax. Falling back to parsing as a 'Command'.
'CREATE TABLE film_text (
    film_id SMALLINT,
    title VARCHAR(255),
    description BLOB SUB_T' contains unsupported syntax. Falling back to parsing as a 'Command'.
'CREATE TABLE film_list (
    FID INT,
    title VARCHAR(255),
    description BLOB SUB_TYPE TEXT,' contains unsupported syntax. Falling back to parsing as a 'Command'.
  425/542  last=local058 strict=1 recall=1.00
'CREATE TABLE veg_txn_df (
    index INTEGER,
    txn_date TEXT,
    txn_time TEXT,
    item_code' contains unsupported syntax. Falling back to parsing as a 'Command'.
'CREATE TABLE veg_loss_rate_df (
    index INTEGER,
    item_code INTEGER,
    item_name TEXT,
  ' contains unsupported syntax. Falling back to parsing as a 'Command'.
'CREATE TABLE veg_whsle_df (
    index INTEGER,
    whsle_date TEXT,
    item_code INTEGER,
    w' contains unsupported syntax. Falling back to parsing as a 'Command'.
  450/542  last=local085 strict=1 recall=1.00
'CREATE TABLE ERD (
    table TEXT,
    column TEXT,
    Unnamed: 2 REAL,
    Unnamed: 3 REAL,
 ' contains unsupported syntax. Falling back to parsing as a 'Command'.
  500/542  last=local273 strict=1 recall=1.00
  525/542  last=sf001 strict=1 recall=1.00
'CREATE TABLE AMAZON_VENDOR_ANALYTICS__SAMPLE_DATASET.PUBLIC.ADS_SPONSORED_BRANDS_SEARCH_TERM_VC (
 ' contains unsupported syntax. Falling back to parsing as a 'Command'.
'CREATE TABLE AMAZON_VENDOR_ANALYTICS__SAMPLE_DATASET.PUBLIC.ADS_SPONSORED_BRANDS_VIDEO_SEARCH_TERM_V' contains unsupported syntax. Falling back to parsing as a 'Command'.
'CREATE TABLE AMAZON_VENDOR_ANALYTICS__SAMPLE_DATASET.PUBLIC.ADS_SPONSORED_PRODUCTS_TARGETING_VC (
 ' contains unsupported syntax. Falling back to parsing as a 'Command'.
'CREATE TABLE AMAZON_VENDOR_ANALYTICS__SAMPLE_DATASET.PUBLIC.ADS_SPONSORED_BRANDS_CAMPAIGN_VC (
    ' contains unsupported syntax. Falling back to parsing as a 'Command'.
'CREATE TABLE AMAZON_VENDOR_ANALYTICS__SAMPLE_DATASET.PUBLIC.ADS_SPONSORED_DISPLAY_CAMPAIGN_VC (
   ' contains unsupported syntax. Falling back to parsing as a 'Command'.
'CREATE TABLE AMAZON_VENDOR_ANALYTICS__SAMPLE_DATASET.PUBLIC.ADS_SPONSORED_DISPLAY_TARGETING_VC (
  ' contains unsupported syntax. Falling back to parsing as a 'Command'.
'CREATE TABLE AMAZON_VENDOR_ANALYTICS__SAMPLE_DATASET.PUBLIC.ADS_SPONSORED_PRODUCTS_CAMPAIGNS_VC (
 ' contains unsupported syntax. Falling back to parsing as a 'Command'.
'CREATE TABLE AMAZON_VENDOR_ANALYTICS__SAMPLE_DATASET.PUBLIC.ADS_SPONSORED_PRODUCTS_PLACEMENT_VC (
 ' contains unsupported syntax. Falling back to parsing as a 'Command'.
'CREATE TABLE AMAZON_VENDOR_ANALYTICS__SAMPLE_DATASET.PUBLIC.DEFECT_REPORT (
    PREP_REPORTING_DATE' contains unsupported syntax. Falling back to parsing as a 'Command'.
'CREATE TABLE AMAZON_VENDOR_ANALYTICS__SAMPLE_DATASET.PUBLIC.PRODUCT_CATALOG (
    UPDATED_FROM_YEST' contains unsupported syntax. Falling back to parsing as a 'Command'.
'CREATE TABLE AMAZON_VENDOR_ANALYTICS__SAMPLE_DATASET.PUBLIC.ADS_SPONSORED_BRANDS_KEYWORD_VC (
    I' contains unsupported syntax. Falling back to parsing as a 'Command'.
'CREATE TABLE AMAZON_VENDOR_ANALYTICS__SAMPLE_DATASET.PUBLIC.ADS_SPONSORED_BRANDS_VIDEO_CAMPAIGN_VC (' contains unsupported syntax. Falling back to parsing as a 'Command'.
'CREATE TABLE AMAZON_VENDOR_ANALYTICS__SAMPLE_DATASET.PUBLIC.ADS_SPONSORED_BRANDS_VIDEO_KEYWORD_VC (' contains unsupported syntax. Falling back to parsing as a 'Command'.
'CREATE TABLE AMAZON_VENDOR_ANALYTICS__SAMPLE_DATASET.PUBLIC.ADS_SPONSORED_PRODUCTS_SEARCH_TERM_VC (' contains unsupported syntax. Falling back to parsing as a 'Command'.
  542/542  last=sf014 strict=1 recall=1.00
| split | n | recall | precision | f1 | strict_recall | anchor_hit | gold_in_top10 | gold_in_top20 | avg_pred_tables | avg_db_tables | p50_ms |
|---|---|---|---|---|---|---|---|---|---|---|---|
| overall | 530 | 97.83 | 30.49 | 46.49 | 95.28 | 66.79 | 83.77 | 95.28 | 11.75 | 17.9 | 17.4 |
| bigquery | 205 | 95.91 | 38.64 | 55.09 | 91.71 | 69.27 | 81.46 | 92.2 | 10.22 | 17.2 | 24.3 |
| snowflake | 202 | 98.47 | 25.21 | 40.14 | 96.04 | 66.34 | 82.67 | 96.04 | 11.98 | 19.8 | 22.0 |
| sqlite | 123 | 100.0 | 25.58 | 40.74 | 100.0 | 63.41 | 89.43 | 99.19 | 13.93 | 16.0 | 11.0 |

results written to /mnt/c/Users/Jorge/projects/schemagraph/bench_results/
=== --tag large_default --min-db-tables 100
  25/83  last=sf_bq358 strict=1 recall=1.00
  50/83  last=bq105 strict=0 recall=0.75
  75/83  last=ga003 strict=0 recall=0.00
  83/83  last=ga025 strict=1 recall=1.00
| split | n | recall | precision | f1 | strict_recall | anchor_hit | gold_in_top10 | gold_in_top20 | avg_pred_tables | avg_db_tables | p50_ms |
|---|---|---|---|---|---|---|---|---|---|---|---|
| overall | 83 | 93.29 | 33.18 | 48.95 | 87.95 | 54.22 | 62.65 | 87.95 | 13.34 | 31.4 | 88.2 |
| bigquery | 65 | 91.95 | 39.36 | 55.12 | 86.15 | 60.0 | 70.77 | 86.15 | 11.65 | 27.8 | 69.0 |
| snowflake | 18 | 98.15 | 10.86 | 19.55 | 94.44 | 33.33 | 33.33 | 94.44 | 19.44 | 44.2 | 201.7 |

results written to /mnt/c/Users/Jorge/projects/schemagraph/bench_results/
=== --tag mt6_k3 --max-tables 6 --anchor-k 3 (cached)
=== --tag mt20_k6 --max-tables 20 --anchor-k 6 (cached)
=== --tag no_docs --no-docs (cached)
=== --tag no_infer --no-infer (cached)
exit=0
